// Jest Snapshot v1, https://goo.gl/fbAQLP

exports[`Pruebas en <PrimeraApp />  Debe mostrar el componente <PrimeraApp /> correctamente 1`] = `
<Fragment>
  <h1>
    Hola
  </h1>
  <p>
    Subt√≠tulo por defecto
  </p>
</Fragment>
`;
